<results>Successful</results>
<results>User exists.</results>
<results>Too short pass.</results>
<results>User exists.</results>
